Microchip MPLAB XC8 Compiler V2.31

Linker command line:

-W-3 --edf=C:\Program Files\Microchip\xc8\v2.31\pic\dat\en_msgs.txt -cn \
  -h+dist/default/production\Proyecto02.X.production.sym \
  --cmf=dist/default/production\Proyecto02.X.production.cmf -z -Q16F887 \
  -oC:\Users\marco\AppData\Local\Temp\sg98.2 --defsym=__MPLAB_BUILD=1 \
  -Mdist/default/production/Proyecto02.X.production.map -E1 \
  -ver=XC8 Compiler --acfsm=1493 -ASTACK=0110h-016Fh -pstack=STACK \
  -ACODE=00h-07FFhx4 -ASTRCODE=00h-01FFFh -ASTRING=00h-0FFhx32 \
  -ACONST=00h-0FFhx32 -AENTRY=00h-0FFhx32 -ACOMMON=070h-07Fh \
  -ABANK0=020h-06Fh -ABANK1=0A0h-0EFh -ABANK2=0110h-016Fh \
  -ABANK3=0190h-01EFh -ARAM=020h-06Fh,0A0h-0EFh,0110h-016Fh,0190h-01EFh \
  -AABS1=020h-07Fh,0A0h-0EFh,0110h-016Fh,0190h-01EFh -ASFR0=00h-01Fh \
  -ASFR1=080h-09Fh -ASFR2=0100h-010Fh -ASFR3=0180h-018Fh \
  -ACONFIG=02007h-02008h -DCONFIG=2 -AIDLOC=02000h-02003h -DIDLOC=2 \
  -AEEDATA=00h-0FFh/02100h -peeprom_data=EEDATA -DEEDATA=2 -DCODE=2 \
  -DSTRCODE=2 -DSTRING=2 -DCONST=2 -DENTRY=2 \
  -preset_vec=00h,intentry=04h,init,end_init -ppowerup=CODE -pcinit=CODE \
  -pfunctab=ENTRY -k C:\Users\marco\AppData\Local\Temp\sg98.o \
  dist/default/production\Proyecto02.X.production.o 

Object code version is 3.11

Machine type is 16F887



                Name                               Link     Load   Length Selector   Space Scale
C:\Users\marco\AppData\Local\Temp\sg98.o
                end_init                             12       12        3        8       0
                reset_vec                             0        0        3        0       0
                config                             2007     2007        2        0       4
dist/default/production\Proyecto02.X.production.o
                cinit                                15       15       13        8       0
                intentry                              4        4        E        8       0
                config                             2007     2007        2        0       4
                text17                              6F4      6F4       19      A32       0
                text16                              6DB      6DB       19      A32       0
                text15                              6C2      6C2       19      A32       0
                text14                              6A9      6A9       19      A32       0
                text13                              690      690       19      A32       0
                text12                              677      677       19      A32       0
                text11                              65E      65E       19      A32       0
                text10                              645      645       19      A32       0
                text9                               62C      62C       19      A32       0
                text8                               72C      72C        A      A32       0
                text7                               5EA      5EA       26      A32       0
                text6                               252      252      19A        8       0
                text5                               70D      70D       11      A32       0
                text4                               610      610       1C      A32       0
                text3                                28       28      22A        8       0
                text2                               595      595       55      A32       0
                text1                               519      519       7C      A32       0
                maintext                            71E      71E        E      A32       0
                cstackBANK0                          2A       2A        8       20       1
                cstackCOMMON                         70       70        B       70       1
                bssBANK0                             20       20        A       20       1
                bssCOMMON                            7B       7B        3       70       1
                stringtext                          400      400      119        8       0
                strings                             3EC      3EC       12      7D8       0

TOTAL           Name                               Link     Load   Length     Space
        CLASS   STACK          

        CLASS   CODE           
                end_init                             12       12        3         0
                cinit                                15       15       13         0
                intentry                              4        4        E         0
                reset_vec                             0        0        3         0
                text17                              6F4      6F4       19         0
                text16                              6DB      6DB       19         0
                text15                              6C2      6C2       19         0
                text14                              6A9      6A9       19         0
                text13                              690      690       19         0
                text12                              677      677       19         0
                text11                              65E      65E       19         0
                text10                              645      645       19         0
                text9                               62C      62C       19         0
                text8                               72C      72C        A         0
                text7                               5EA      5EA       26         0
                text6                               252      252      19A         0
                text5                               70D      70D       11         0
                text4                               610      610       1C         0
                text3                                28       28      22A         0
                text2                               595      595       55         0
                text1                               519      519       7C         0
                maintext                            71E      71E        E         0

        CLASS   STRCODE        
                stringtext                          400      400      119         0

        CLASS   STRING         
                strings                             3EC      3EC       12         0

        CLASS   CONST          

        CLASS   ENTRY          

        CLASS   COMMON         
                cstackCOMMON                         70       70        B         1
                bssCOMMON                            7B       7B        3         1

        CLASS   BANK0          
                cstackBANK0                          2A       2A        8         1
                bssBANK0                             20       20        A         1

        CLASS   BANK1          

        CLASS   BANK2          

        CLASS   BANK3          

        CLASS   RAM            

        CLASS   ABS1           
                abs_s1                               7E       7E        2         1

        CLASS   SFR0           

        CLASS   SFR1           

        CLASS   SFR2           

        CLASS   SFR3           

        CLASS   CONFIG         
                config                             2007     2007        2         4

        CLASS   IDLOC          

        CLASS   EEDATA         



SEGMENTS        Name                           Load    Length   Top    Selector   Space  Class     Delta

                reset_vec                      000000  000003  000003         0       0  CODE        2
                intentry                       000004  0003E8  0003EC         8       0  CODE        2
                bssBANK0                       000020  000012  000032        20       1  BANK0       1
                cstackCOMMON                   000070  00000E  00007E        70       1  COMMON      1
                strings                        0003EC  000012  0003FE       7D8       0  STRING      2
                stringtext                     000400  000119  000519         8       0  STRCODE     2
                text1                          000519  00021D  000736       A32       0  CODE        2


UNUSED ADDRESS RANGES

        Name                Unused          Largest block    Delta
        BANK0            0032-006F             3E           1
        BANK1            00A0-00EF             50           1
        BANK2            0110-016F             60           1
        BANK3            0190-01EF             60           1
        CODE             0003-0003              1           2
                         03FE-03FF              2
                         0736-1FFF            800
        CONST            0003-0003              1           2
                         03FE-03FF              2
                         0736-1FFF            100
        EEDATA           2100-21FF            100           2
        ENTRY            0003-0003              1           2
                         03FE-03FF              2
                         0736-1FFF            100
        IDLOC            2000-2003              4           2
        RAM              0032-006F             3E           1
                         00A0-00EF             50
                         0110-016F             60
                         0190-01EF             60
        SFR0             0000-001F             20           1
        SFR1             0080-009F             20           1
        SFR2             0100-010F             10           1
        SFR3             0180-018F             10           1
        STACK            0110-016F             60           1
        STRCODE          0003-0003              1           2
                         03FE-03FF              2
                         0736-1FFF           18CA
        STRING           0003-0003              1           2
                         03FE-03FF              2
                         0736-1FFF            100

                                  Symbol Table

?_printf                 cstackCOMMON 0071
_ADCON0bits              (abs)        001F
_ADCON1bits              (abs)        009F
_ADRESH                  (abs)        001E
_ANSEL                   (abs)        0188
_ANSELH                  (abs)        0189
_BAUDCTLbits             (abs)        0187
_CCP1CONbits             (abs)        0017
_CCP2CONbits             (abs)        001D
_CCPR1L                  (abs)        0015
_CCPR2L                  (abs)        001B
_EEADR                   (abs)        010D
_EECON1bits              (abs)        018C
_EECON2                  (abs)        018D
_EEDAT                   (abs)        010C
_EEDATA                  (abs)        010C
_INTCONbits              (abs)        000B
_IOCBbits                (abs)        0096
_OPTION_REGbits          (abs)        0081
_OSCCONbits              (abs)        008F
_PIE1bits                (abs)        008C
_PIR1bits                (abs)        000C
_PIR2bits                (abs)        000D
_PORTA                   (abs)        0005
_PORTB                   (abs)        0006
_PORTBbits               (abs)        0006
_PORTC                   (abs)        0007
_PORTD                   (abs)        0008
_PORTDbits               (abs)        0008
_PR2                     (abs)        0092
_RBIF                    (abs)        0058
_RCIF                    (abs)        0065
_RCREG                   (abs)        001A
_RCSTAbits               (abs)        0018
_SPBRG                   (abs)        0099
_SPBRGH                  (abs)        009A
_T2CONbits               (abs)        0012
_TRISAbits               (abs)        0085
_TRISBbits               (abs)        0086
_TRISCbits               (abs)        0087
_TRISDbits               (abs)        0088
_TXIF                    (abs)        0064
_TXREG                   (abs)        0019
_TXSTAbits               (abs)        0098
_WPUBbits                (abs)        0095
__Habs1                  abs1         0000
__Hbank0                 bank0        0000
__Hbank1                 bank1        0000
__Hbank2                 bank2        0000
__Hbank3                 bank3        0000
__HbssBANK0              bssBANK0     0000
__HbssCOMMON             bssCOMMON    0000
__Hcinit                 cinit        0028
__Hclrtext               clrtext      0000
__Hcode                  code         0000
__Hcommon                common       0000
__Hconfig                config       2009
__HcstackBANK0           cstackBANK0  0000
__HcstackCOMMON          cstackCOMMON 0000
__Heeprom_data           eeprom_data  0000
__Hend_init              end_init     0015
__Hfunctab               functab      0000
__Hinit                  init         0012
__Hintentry              intentry     0012
__Hmaintext              maintext     0000
__Hpowerup               powerup      0000
__Hram                   ram          0000
__Hreset_vec             reset_vec    0003
__Hsfr0                  sfr0         0000
__Hsfr1                  sfr1         0000
__Hsfr2                  sfr2         0000
__Hsfr3                  sfr3         0000
__Hspace_0               (abs)        0736
__Hspace_1               (abs)        007E
__Hspace_2               (abs)        0000
__Hspace_3               (abs)        0000
__Hspace_4               (abs)        4010
__Hstack                 stack        0000
__Hstrings               strings      0000
__Hstringtext            stringtext   0000
__Htext                  text         0000
__Labs1                  abs1         0000
__Lbank0                 bank0        0000
__Lbank1                 bank1        0000
__Lbank2                 bank2        0000
__Lbank3                 bank3        0000
__LbssBANK0              bssBANK0     0000
__LbssCOMMON             bssCOMMON    0000
__Lcinit                 cinit        0015
__Lclrtext               clrtext      0000
__Lcode                  code         0000
__Lcommon                common       0000
__Lconfig                config       0000
__LcstackBANK0           cstackBANK0  0000
__LcstackCOMMON          cstackCOMMON 0000
__Leeprom_data           eeprom_data  0000
__Lend_init              end_init     0012
__Lfunctab               functab      0000
__Linit                  init         0012
__Lintentry              intentry     0004
__Lmaintext              maintext     0000
__Lpowerup               powerup      0000
__Lram                   ram          0000
__Lreset_vec             reset_vec    0000
__Lsfr0                  sfr0         0000
__Lsfr1                  sfr1         0000
__Lsfr2                  sfr2         0000
__Lsfr3                  sfr3         0000
__Lspace_0               (abs)        0000
__Lspace_1               (abs)        0000
__Lspace_2               (abs)        0000
__Lspace_3               (abs)        0000
__Lspace_4               (abs)        0000
__Lstack                 stack        0000
__Lstrings               strings      0000
__Lstringtext            stringtext   0000
__Ltext                  text         0000
__S0                     (abs)        0736
__S1                     (abs)        007E
__S2                     (abs)        0000
__S3                     (abs)        0000
___int_sp                stack        0000
___latbits               (abs)        0002
___sp                    stack        0000
___stackhi               (abs)        0000
___stacklo               (abs)        0000
__end_of__initialization cinit        0024
__end_of__stringtab      strings      03FE
__end_of_chanel          text2        05EA
__end_of_dedo1_1         text14       06C2
__end_of_dedo1_2         text17       070D
__end_of_dedo1_3         text13       06A9
__end_of_dedo2_1         text12       0690
__end_of_dedo2_2         text16       06F4
__end_of_dedo2_3         text11       0677
__end_of_dedo3_1         text10       065E
__end_of_dedo3_2         text15       06DB
__end_of_dedo3_3         text9        0645
__end_of_isr             text3        0252
__end_of_main            maintext     072C
__end_of_menu            text6        03EC
__end_of_printf          text7        0610
__end_of_putch           text8        0736
__end_of_read_eeprom     text5        071E
__end_of_setup           text1        0595
__end_of_write_eeprom    text4        062C
__initialization         cinit        0015
__pbssBANK0              bssBANK0     0020
__pbssCOMMON             bssCOMMON    007B
__pcstackBANK0           cstackBANK0  002A
__pcstackCOMMON          cstackCOMMON 0070
__pintentry              intentry     0004
__pmaintext              maintext     071E
__pstrings               strings      03EC
__pstringtext            stringtext   0400
__ptext1                 text1        0519
__ptext10                text10       0645
__ptext11                text11       065E
__ptext12                text12       0677
__ptext13                text13       0690
__ptext14                text14       06A9
__ptext15                text15       06C2
__ptext16                text16       06DB
__ptext17                text17       06F4
__ptext2                 text2        0595
__ptext3                 text3        0028
__ptext4                 text4        0610
__ptext5                 text5        070D
__ptext6                 text6        0252
__ptext7                 text7        05EA
__ptext8                 text8        072C
__ptext9                 text9        062C
__size_of_chanel         (abs)        0000
__size_of_dedo1_1        (abs)        0000
__size_of_dedo1_2        (abs)        0000
__size_of_dedo1_3        (abs)        0000
__size_of_dedo2_1        (abs)        0000
__size_of_dedo2_2        (abs)        0000
__size_of_dedo2_3        (abs)        0000
__size_of_dedo3_1        (abs)        0000
__size_of_dedo3_2        (abs)        0000
__size_of_dedo3_3        (abs)        0000
__size_of_isr            (abs)        0000
__size_of_main           (abs)        0000
__size_of_menu           (abs)        0000
__size_of_printf         (abs)        0000
__size_of_putch          (abs)        0000
__size_of_read_eeprom    (abs)        0000
__size_of_setup          (abs)        0000
__size_of_write_eeprom   (abs)        0000
__stringbase             strings      03FE
__stringtab              strings      03EC
_chanel                  text2        0595
_dedo1_1                 text14       06A9
_dedo1_2                 text17       06F4
_dedo1_3                 text13       0690
_dedo2_1                 text12       0677
_dedo2_2                 text16       06DB
_dedo2_3                 text11       065E
_dedo3_1                 text10       0645
_dedo3_2                 text15       06C2
_dedo3_3                 text9        062C
_flag_uart               bssBANK0     0029
_isr                     text3        0028
_lec_pwm1                bssBANK0     0021
_lec_pwm2                bssBANK0     0020
_lectura_01              bssBANK0     0026
_lectura_02              bssBANK0     0025
_lectura_03              bssBANK0     0024
_lectura_04              bssBANK0     0023
_lectura_05              bssBANK0     0022
_main                    maintext     071E
_menu                    text6        0252
_printf                  text7        05EA
_putch                   text8        072C
_read_eeprom             text5        070D
_setup                   text1        0519
_var                     bssCOMMON    007D
_var1                    bssCOMMON    007C
_var2                    bssCOMMON    007B
_write_eeprom            text4        0610
btemp                    (abs)        007E
end_of_initialization    cinit        0024
interrupt_function       intentry     0004
intlevel0                functab      0000
intlevel1                functab      0000
intlevel2                functab      0000
intlevel3                functab      0000
intlevel4                functab      0000
intlevel5                functab      0000
printf@ap                cstackCOMMON 0076
printf@c                 cstackCOMMON 0077
printf@f                 cstackCOMMON 0071
putch@data               cstackCOMMON 0070
read_eeprom@dato         cstackCOMMON 0072
read_eeprom@direccion    cstackCOMMON 0071
reset_vec                reset_vec    0000
saved_w                  (abs)        007E
start                    init         0012
start_initialization     cinit        0015
write_eeprom@dato        cstackCOMMON 0071
write_eeprom@direccion   cstackCOMMON 0070
wtemp0                   (abs)        007E


FUNCTION INFORMATION:

 *************** function _main *****************
 Defined at:
		line 215 in file "Proyecto02.c"
 Parameters:    Size  Location     Type
		None
 Auto vars:     Size  Location     Type
		None
 Return value:  Size  Location     Type
                  1    wreg      void 
 Registers used:
		wreg, status,2, status,0, pclath, cstack
 Tracked objects:
		On entry : 
		On exit  : 
		Unchanged: 
 Data sizes:     COMMON   BANK0   BANK1   BANK3   BANK2
      Params:         0       0       0       0       0
      Locals:         0       0       0       0       0
      Temps:          0       0       0       0       0
      Totals:         0       0       0       0       0
Total ram usage:        0 bytes
 Hardware stack levels required when called:    5
 This function calls:
		_chanel
		_setup
 This function is called by:
		Startup code after reset
 This function uses a non-reentrant model


 *************** function _setup *****************
 Defined at:
		line 226 in file "Proyecto02.c"
 Parameters:    Size  Location     Type
		None
 Auto vars:     Size  Location     Type
		None
 Return value:  Size  Location     Type
                  1    wreg      void 
 Registers used:
		wreg, status,2, status,0
 Tracked objects:
		On entry : 
		On exit  : 
		Unchanged: 
 Data sizes:     COMMON   BANK0   BANK1   BANK3   BANK2
      Params:         0       0       0       0       0
      Locals:         0       0       0       0       0
      Temps:          0       1       0       0       0
      Totals:         0       1       0       0       0
Total ram usage:        1 bytes
 Hardware stack levels used:    1
 Hardware stack levels required when called:    4
 This function calls:
		Nothing
 This function is called by:
		_main
 This function uses a non-reentrant model


 *************** function _chanel *****************
 Defined at:
		line 334 in file "Proyecto02.c"
 Parameters:    Size  Location     Type
		None
 Auto vars:     Size  Location     Type
		None
 Return value:  Size  Location     Type
                  1    wreg      void 
 Registers used:
		wreg, status,2, status,0
 Tracked objects:
		On entry : 
		On exit  : 
		Unchanged: 
 Data sizes:     COMMON   BANK0   BANK1   BANK3   BANK2
      Params:         0       0       0       0       0
      Locals:         0       0       0       0       0
      Temps:          0       1       0       0       0
      Totals:         0       1       0       0       0
Total ram usage:        1 bytes
 Hardware stack levels used:    1
 Hardware stack levels required when called:    4
 This function calls:
		Nothing
 This function is called by:
		_main
 This function uses a non-reentrant model


 *************** function _isr *****************
 Defined at:
		line 75 in file "Proyecto02.c"
 Parameters:    Size  Location     Type
		None
 Auto vars:     Size  Location     Type
		None
 Return value:  Size  Location     Type
                  1    wreg      void 
 Registers used:
		wreg, fsr0l, fsr0h, status,2, status,0, btemp+1, pclath, cstack
 Tracked objects:
		On entry : 
		On exit  : 
		Unchanged: 
 Data sizes:     COMMON   BANK0   BANK1   BANK3   BANK2
      Params:         0       0       0       0       0
      Locals:         0       0       0       0       0
      Temps:          0       7       0       0       0
      Totals:         0       7       0       0       0
Total ram usage:        7 bytes
 Hardware stack levels used:    1
 Hardware stack levels required when called:    3
 This function calls:
		_dedo1_1
		_dedo1_2
		_dedo1_3
		_dedo2_1
		_dedo2_2
		_dedo2_3
		_dedo3_1
		_dedo3_2
		_dedo3_3
		_menu
		_read_eeprom
		_write_eeprom
 This function is called by:
		Interrupt level 1
 This function uses a non-reentrant model


 *************** function _write_eeprom *****************
 Defined at:
		line 421 in file "Proyecto02.c"
 Parameters:    Size  Location     Type
  dato            1    wreg     unsigned char 
  direccion       1    0[COMMON] unsigned char 
 Auto vars:     Size  Location     Type
  dato            1    1[COMMON] unsigned char 
 Return value:  Size  Location     Type
                  1    wreg      void 
 Registers used:
		wreg
 Tracked objects:
		On entry : 
		On exit  : 
		Unchanged: 
 Data sizes:     COMMON   BANK0   BANK1   BANK3   BANK2
      Params:         1       0       0       0       0
      Locals:         1       0       0       0       0
      Temps:          0       0       0       0       0
      Totals:         2       0       0       0       0
Total ram usage:        2 bytes
 Hardware stack levels used:    1
 This function calls:
		Nothing
 This function is called by:
		_isr
 This function uses a non-reentrant model


 *************** function _read_eeprom *****************
 Defined at:
		line 443 in file "Proyecto02.c"
 Parameters:    Size  Location     Type
  direccion       1    wreg     unsigned char 
 Auto vars:     Size  Location     Type
  direccion       1    1[COMMON] unsigned char 
  dato            1    2[COMMON] unsigned char 
 Return value:  Size  Location     Type
                  1    wreg      unsigned char 
 Registers used:
		wreg
 Tracked objects:
		On entry : 
		On exit  : 
		Unchanged: 
 Data sizes:     COMMON   BANK0   BANK1   BANK3   BANK2
      Params:         0       0       0       0       0
      Locals:         2       0       0       0       0
      Temps:          1       0       0       0       0
      Totals:         3       0       0       0       0
Total ram usage:        3 bytes
 Hardware stack levels used:    1
 This function calls:
		Nothing
 This function is called by:
		_isr
 This function uses a non-reentrant model


 *************** function _menu *****************
 Defined at:
		line 459 in file "Proyecto02.c"
 Parameters:    Size  Location     Type
		None
 Auto vars:     Size  Location     Type
		None
 Return value:  Size  Location     Type
                  1    wreg      void 
 Registers used:
		wreg, fsr0l, fsr0h, status,2, status,0, btemp+1, pclath, cstack
 Tracked objects:
		On entry : 
		On exit  : 
		Unchanged: 
 Data sizes:     COMMON   BANK0   BANK1   BANK3   BANK2
      Params:         0       0       0       0       0
      Locals:         0       0       0       0       0
      Temps:          3       0       0       0       0
      Totals:         3       0       0       0       0
Total ram usage:        3 bytes
 Hardware stack levels used:    1
 Hardware stack levels required when called:    2
 This function calls:
		_dedo1_1
		_dedo1_3
		_dedo2_1
		_dedo2_3
		_dedo3_1
		_dedo3_3
		_printf
 This function is called by:
		_isr
 This function uses a non-reentrant model


 *************** function _printf *****************
 Defined at:
		line 477 in file "C:\Program Files\Microchip\xc8\v2.31\pic\sources\c90\common\doprnt.c"
 Parameters:    Size  Location     Type
  f               2    1[COMMON] PTR const unsigned char 
		 -> STR_12(20), STR_11(9), STR_10(9), STR_9(17), 
		 -> STR_8(20), STR_7(20), STR_6(20), STR_5(27), 
		 -> STR_4(27), STR_3(33), STR_2(42), STR_1(37), 
 Auto vars:     Size  Location     Type
  tmpval          4    0        struct .
  cp              2    0        PTR const unsigned char 
  len             2    0        unsigned int 
  val             2    0        unsigned int 
  c               1    7[COMMON] unsigned char 
  ap              1    6[COMMON] PTR void [1]
		 -> ?_printf(2), 
  flag            1    0        unsigned char 
  prec            1    0        char 
 Return value:  Size  Location     Type
                  2    1[COMMON] int 
 Registers used:
		wreg, fsr0l, fsr0h, status,2, status,0, btemp+1, pclath, cstack
 Tracked objects:
		On entry : 
		On exit  : 
		Unchanged: 
 Data sizes:     COMMON   BANK0   BANK1   BANK3   BANK2
      Params:         2       0       0       0       0
      Locals:         2       0       0       0       0
      Temps:          3       0       0       0       0
      Totals:         7       0       0       0       0
Total ram usage:        7 bytes
 Hardware stack levels used:    1
 Hardware stack levels required when called:    1
 This function calls:
		_putch
 This function is called by:
		_menu
 This function uses a non-reentrant model


 *************** function _putch *****************
 Defined at:
		line 452 in file "Proyecto02.c"
 Parameters:    Size  Location     Type
  data            1    wreg     unsigned char 
 Auto vars:     Size  Location     Type
  data            1    0[COMMON] unsigned char 
 Return value:  Size  Location     Type
                  1    wreg      void 
 Registers used:
		wreg
 Tracked objects:
		On entry : 
		On exit  : 
		Unchanged: 
 Data sizes:     COMMON   BANK0   BANK1   BANK3   BANK2
      Params:         0       0       0       0       0
      Locals:         1       0       0       0       0
      Temps:          0       0       0       0       0
      Totals:         1       0       0       0       0
Total ram usage:        1 bytes
 Hardware stack levels used:    1
 This function calls:
		Nothing
 This function is called by:
		_printf
 This function uses a non-reentrant model


 *************** function _dedo3_3 *****************
 Defined at:
		line 414 in file "Proyecto02.c"
 Parameters:    Size  Location     Type
		None
 Auto vars:     Size  Location     Type
		None
 Return value:  Size  Location     Type
                  1    wreg      void 
 Registers used:
		wreg
 Tracked objects:
		On entry : 
		On exit  : 
		Unchanged: 
 Data sizes:     COMMON   BANK0   BANK1   BANK3   BANK2
      Params:         0       0       0       0       0
      Locals:         0       0       0       0       0
      Temps:          2       0       0       0       0
      Totals:         2       0       0       0       0
Total ram usage:        2 bytes
 Hardware stack levels used:    1
 This function calls:
		Nothing
 This function is called by:
		_isr
		_menu
 This function uses a non-reentrant model


 *************** function _dedo3_1 *****************
 Defined at:
		line 400 in file "Proyecto02.c"
 Parameters:    Size  Location     Type
		None
 Auto vars:     Size  Location     Type
		None
 Return value:  Size  Location     Type
                  1    wreg      void 
 Registers used:
		wreg
 Tracked objects:
		On entry : 
		On exit  : 
		Unchanged: 
 Data sizes:     COMMON   BANK0   BANK1   BANK3   BANK2
      Params:         0       0       0       0       0
      Locals:         0       0       0       0       0
      Temps:          2       0       0       0       0
      Totals:         2       0       0       0       0
Total ram usage:        2 bytes
 Hardware stack levels used:    1
 This function calls:
		Nothing
 This function is called by:
		_isr
		_menu
 This function uses a non-reentrant model


 *************** function _dedo2_3 *****************
 Defined at:
		line 393 in file "Proyecto02.c"
 Parameters:    Size  Location     Type
		None
 Auto vars:     Size  Location     Type
		None
 Return value:  Size  Location     Type
                  1    wreg      void 
 Registers used:
		wreg
 Tracked objects:
		On entry : 
		On exit  : 
		Unchanged: 
 Data sizes:     COMMON   BANK0   BANK1   BANK3   BANK2
      Params:         0       0       0       0       0
      Locals:         0       0       0       0       0
      Temps:          2       0       0       0       0
      Totals:         2       0       0       0       0
Total ram usage:        2 bytes
 Hardware stack levels used:    1
 This function calls:
		Nothing
 This function is called by:
		_isr
		_menu
 This function uses a non-reentrant model


 *************** function _dedo2_1 *****************
 Defined at:
		line 379 in file "Proyecto02.c"
 Parameters:    Size  Location     Type
		None
 Auto vars:     Size  Location     Type
		None
 Return value:  Size  Location     Type
                  1    wreg      void 
 Registers used:
		wreg
 Tracked objects:
		On entry : 
		On exit  : 
		Unchanged: 
 Data sizes:     COMMON   BANK0   BANK1   BANK3   BANK2
      Params:         0       0       0       0       0
      Locals:         0       0       0       0       0
      Temps:          2       0       0       0       0
      Totals:         2       0       0       0       0
Total ram usage:        2 bytes
 Hardware stack levels used:    1
 This function calls:
		Nothing
 This function is called by:
		_isr
		_menu
 This function uses a non-reentrant model


 *************** function _dedo1_3 *****************
 Defined at:
		line 372 in file "Proyecto02.c"
 Parameters:    Size  Location     Type
		None
 Auto vars:     Size  Location     Type
		None
 Return value:  Size  Location     Type
                  1    wreg      void 
 Registers used:
		wreg
 Tracked objects:
		On entry : 
		On exit  : 
		Unchanged: 
 Data sizes:     COMMON   BANK0   BANK1   BANK3   BANK2
      Params:         0       0       0       0       0
      Locals:         0       0       0       0       0
      Temps:          2       0       0       0       0
      Totals:         2       0       0       0       0
Total ram usage:        2 bytes
 Hardware stack levels used:    1
 This function calls:
		Nothing
 This function is called by:
		_isr
		_menu
 This function uses a non-reentrant model


 *************** function _dedo1_1 *****************
 Defined at:
		line 358 in file "Proyecto02.c"
 Parameters:    Size  Location     Type
		None
 Auto vars:     Size  Location     Type
		None
 Return value:  Size  Location     Type
                  1    wreg      void 
 Registers used:
		wreg
 Tracked objects:
		On entry : 
		On exit  : 
		Unchanged: 
 Data sizes:     COMMON   BANK0   BANK1   BANK3   BANK2
      Params:         0       0       0       0       0
      Locals:         0       0       0       0       0
      Temps:          2       0       0       0       0
      Totals:         2       0       0       0       0
Total ram usage:        2 bytes
 Hardware stack levels used:    1
 This function calls:
		Nothing
 This function is called by:
		_isr
		_menu
 This function uses a non-reentrant model


 *************** function _dedo3_2 *****************
 Defined at:
		line 407 in file "Proyecto02.c"
 Parameters:    Size  Location     Type
		None
 Auto vars:     Size  Location     Type
		None
 Return value:  Size  Location     Type
                  1    wreg      void 
 Registers used:
		wreg
 Tracked objects:
		On entry : 
		On exit  : 
		Unchanged: 
 Data sizes:     COMMON   BANK0   BANK1   BANK3   BANK2
      Params:         0       0       0       0       0
      Locals:         0       0       0       0       0
      Temps:          2       0       0       0       0
      Totals:         2       0       0       0       0
Total ram usage:        2 bytes
 Hardware stack levels used:    1
 This function calls:
		Nothing
 This function is called by:
		_isr
 This function uses a non-reentrant model


 *************** function _dedo2_2 *****************
 Defined at:
		line 386 in file "Proyecto02.c"
 Parameters:    Size  Location     Type
		None
 Auto vars:     Size  Location     Type
		None
 Return value:  Size  Location     Type
                  1    wreg      void 
 Registers used:
		wreg
 Tracked objects:
		On entry : 
		On exit  : 
		Unchanged: 
 Data sizes:     COMMON   BANK0   BANK1   BANK3   BANK2
      Params:         0       0       0       0       0
      Locals:         0       0       0       0       0
      Temps:          2       0       0       0       0
      Totals:         2       0       0       0       0
Total ram usage:        2 bytes
 Hardware stack levels used:    1
 This function calls:
		Nothing
 This function is called by:
		_isr
 This function uses a non-reentrant model


 *************** function _dedo1_2 *****************
 Defined at:
		line 365 in file "Proyecto02.c"
 Parameters:    Size  Location     Type
		None
 Auto vars:     Size  Location     Type
		None
 Return value:  Size  Location     Type
                  1    wreg      void 
 Registers used:
		wreg
 Tracked objects:
		On entry : 
		On exit  : 
		Unchanged: 
 Data sizes:     COMMON   BANK0   BANK1   BANK3   BANK2
      Params:         0       0       0       0       0
      Locals:         0       0       0       0       0
      Temps:          2       0       0       0       0
      Totals:         2       0       0       0       0
Total ram usage:        2 bytes
 Hardware stack levels used:    1
 This function calls:
		Nothing
 This function is called by:
		_isr
 This function uses a non-reentrant model



MODULE INFORMATION

Module		Function		Class		Link	Load	Size
C:\Program Files\Microchip\xc8\v2.31\pic\sources\c90\common\doprnt.c
		_printf        		CODE           	05EA	0000	38

C:\Program Files\Microchip\xc8\v2.31\pic\sources\c90\common\doprnt.c estimated size: 38

shared
		__stringtab    		STRING         	03EC	0000	18
		__initialization		CODE           	0015	0000	15

shared estimated size: 33

Proyecto02.c
		_dedo3_2       		CODE           	06C2	0000	25
		_dedo2_1       		CODE           	0677	0000	25
		_putch         		CODE           	072C	0000	10
		_menu          		CODE           	0252	0000	410
		_main          		CODE           	071E	0000	14
		_dedo3_1       		CODE           	0645	0000	25
		_dedo1_3       		CODE           	0690	0000	25
		_chanel        		CODE           	0595	0000	85
		_dedo2_3       		CODE           	065E	0000	25
		_isr           		CODE           	0028	0000	554
		_dedo1_2       		CODE           	06F4	0000	25
		_dedo3_3       		CODE           	062C	0000	25
		_setup         		CODE           	0519	0000	124
		_dedo2_2       		CODE           	06DB	0000	25
		_read_eeprom   		CODE           	070D	0000	17
		_write_eeprom  		CODE           	0610	0000	28
		_dedo1_1       		CODE           	06A9	0000	25

Proyecto02.c estimated size: 1467

